// Jest Snapshot v1, https://goo.gl/fbAQLP

exports[`Does Layout render correctly? 1`] = `
<div
  className="jsx-1844103835 main-layout"
>
  <header>
    <nav
      className="jsx-1725782361"
    >
      <ul
        className="jsx-1725782361"
      >
        <li
          className="jsx-1725782361"
        >
          <a
            className="jsx-1725782361"
            href="/"
            onClick={[Function]}
          >
            Flexin Bows with Terry
          </a>
        </li>
      </ul>
    </nav>
  </header>
  <div
    className="jsx-2211515642 list-container"
  >
    <ul
      className="jsx-2211515642"
    >
      <li
        className="jsx-2211515642"
      >
        <a
          className="jsx-2211515642"
          href="/better-body"
          onClick={[Function]}
        >
          Better Body
        </a>
      </li>
      <li
        className="jsx-2211515642"
      >
        <a
          className="jsx-2211515642"
          href="/advanced-conditioning"
          onClick={[Function]}
        >
          Advanced Conditioning
        </a>
      </li>
      <li
        className="jsx-2211515642"
      >
        <a
          className="jsx-2211515642"
          href="/body-building"
          onClick={[Function]}
        >
          Body Building
        </a>
      </li>
      <li
        className="jsx-2211515642"
      >
        <a
          className="jsx-2211515642"
          href="/strength-training"
          onClick={[Function]}
        >
          Strength Training
        </a>
      </li>
      <li
        className="jsx-2211515642"
      >
        <a
          className="jsx-2211515642"
          href="/aerobic"
          onClick={[Function]}
        >
          Aerobic
        </a>
      </li>
      <li
        className="jsx-2211515642"
      >
        <a
          className="jsx-2211515642"
          href="/upper-lower-body"
          onClick={[Function]}
        >
          Upper Lower Body
        </a>
      </li>
      <li
        className="jsx-2211515642"
      >
        <a
          className="jsx-2211515642"
          href="/anaerobic"
          onClick={[Function]}
        >
          Anaerobic
        </a>
      </li>
    </ul>
  </div>
</div>
`;
