// Jest Snapshot v1, https://goo.gl/fbAQLP

exports[`Does WorkoutList render correctly? 1`] = `
<div
  className="jsx-3535744145 list-container"
>
  <ul
    className="jsx-3535744145"
  >
    <li
      className="jsx-3535744145"
    >
      <a
        className="jsx-3535744145"
        href="/better-body"
        onClick={[Function]}
      >
        Better Body
      </a>
    </li>
    <li
      className="jsx-3535744145"
    >
      <a
        className="jsx-3535744145"
        href="/advanced-conditioning"
        onClick={[Function]}
      >
        Advanced Conditioning
      </a>
    </li>
    <li
      className="jsx-3535744145"
    >
      <a
        className="jsx-3535744145"
        href="/body-building"
        onClick={[Function]}
      >
        Body Building
      </a>
    </li>
    <li
      className="jsx-3535744145"
    >
      <a
        className="jsx-3535744145"
        href="/strength-training"
        onClick={[Function]}
      >
        Strength Training
      </a>
    </li>
    <li
      className="jsx-3535744145"
    >
      <a
        className="jsx-3535744145"
        href="/aerobic"
        onClick={[Function]}
      >
        Aerobic
      </a>
    </li>
    <li
      className="jsx-3535744145"
    >
      <a
        className="jsx-3535744145"
        href="/upper-lower-body"
        onClick={[Function]}
      >
        Upper Lower Body
      </a>
    </li>
    <li
      className="jsx-3535744145"
    >
      <a
        className="jsx-3535744145"
        href="/anaerobic"
        onClick={[Function]}
      >
        Anaerobic
      </a>
    </li>
  </ul>
</div>
`;
