// Jest Snapshot v1, https://goo.gl/fbAQLP

exports[`Does WorkoutTable render correctly? 1`] = `
<div
  className="jsx-514544549 workout-table"
>
  <div
    className="jsx-92330898"
  >
    <ul
      className="jsx-92330898"
    >
      <li
        className="jsx-92330898"
      >
        <a
          className="jsx-92330898"
          data-id="better-body-1-3"
          href="#"
        >
          1 & 3
        </a>
      </li>
      <li
        className="jsx-92330898"
      >
        <a
          className="jsx-92330898"
          data-id="better-body-2-4"
          href="#"
        >
          2 & 4
        </a>
      </li>
      <li
        className="jsx-92330898"
      >
        <a
          className="jsx-92330898"
          data-id="better-body-5-7"
          href="#"
        >
          5 & 7
        </a>
      </li>
    </ul>
  </div>
  <table
    className="jsx-514544549 hidden"
  >
    <thead
      className="jsx-514544549"
    >
      <tr
        className="jsx-514544549"
      >
        <th
          className="jsx-514544549"
        >
          Body Part
        </th>
        <th
          className="jsx-514544549"
        >
          Exercise
        </th>
        <th
          className="jsx-514544549"
        >
          Sets
        </th>
        <th
          className="jsx-514544549"
        >
          Reps
        </th>
      </tr>
    </thead>
    <tbody
      className="jsx-514544549"
    >
      <tr
        className="jsx-514544549"
      >
        <td
          className="jsx-514544549"
        >
          Chest
        </td>
        <td
          className="jsx-514544549"
        >
          <p
            className="jsx-514544549"
          >
            <a
              className="jsx-514544549"
              data-file="decline-bench-press"
              href="#"
            >
              Decline Bench Press
            </a>
          </p>
          <p
            className="jsx-514544549"
          >
            <a
              className="jsx-514544549"
              data-file="Bench Press"
              href="#"
            >
              Bench Press
            </a>
          </p>
        </td>
        <td
          className="jsx-514544549"
        >
          1 - 2
        </td>
        <td
          className="jsx-514544549"
        >
          10 - 15
        </td>
      </tr>
      <tr
        className="jsx-514544549"
      >
        <td
          className="jsx-514544549"
        >
          Shoulders
        </td>
        <td
          className="jsx-514544549"
        >
          <p
            className="jsx-514544549"
          >
            <a
              className="jsx-514544549"
              data-file="cross-over-rear-deltoid"
              href="#"
            >
              Seated Shoulder Press
            </a>
          </p>
          <p
            className="jsx-514544549"
          >
            <a
              className="jsx-514544549"
              data-file="cross-over-rear-detoid"
              href="#"
            >
              Crossover Seated Rear Deltoid
            </a>
          </p>
          <p
            className="jsx-514544549"
          >
            <a
              className="jsx-514544549"
              data-file="cross-over-rear-deltiod"
              href="#"
            >
              Front Shoulder Raise
            </a>
          </p>
          <p
            className="jsx-514544549"
          >
            <a
              className="jsx-514544549"
              data-file="cross-over-rear-deltiod"
              href="#"
            >
              Scapular Retraction
            </a>
          </p>
        </td>
        <td
          className="jsx-514544549"
        >
          1 - 2
        </td>
        <td
          className="jsx-514544549"
        >
          10 - 15
        </td>
      </tr>
    </tbody>
  </table>
  <table
    className="jsx-514544549 hidden"
  >
    <thead
      className="jsx-514544549"
    >
      <tr
        className="jsx-514544549"
      >
        <th
          className="jsx-514544549"
        >
          Body Part
        </th>
        <th
          className="jsx-514544549"
        >
          Exercise
        </th>
        <th
          className="jsx-514544549"
        >
          Sets
        </th>
        <th
          className="jsx-514544549"
        >
          Reps
        </th>
      </tr>
    </thead>
    <tbody
      className="jsx-514544549"
    >
      <tr
        className="jsx-514544549"
      >
        <td
          className="jsx-514544549"
        >
          Back
        </td>
        <td
          className="jsx-514544549"
        >
          <p
            className="jsx-514544549"
          >
            <a
              className="jsx-514544549"
              data-file="shoulder-extension"
              href="#"
            >
              Seated Lat Rows
            </a>
          </p>
          <p
            className="jsx-514544549"
          >
            <a
              className="jsx-514544549"
              data-file="shoulder-extension"
              href="#"
            >
              Reverse Grip Pulldowns
            </a>
          </p>
        </td>
        <td
          className="jsx-514544549"
        >
          1 - 2
        </td>
        <td
          className="jsx-514544549"
        >
          10 - 15
        </td>
      </tr>
      <tr
        className="jsx-514544549"
      >
        <td
          className="jsx-514544549"
        >
          Arms
        </td>
        <td
          className="jsx-514544549"
        >
          <p
            className="jsx-514544549"
          >
            <a
              className="jsx-514544549"
              data-file="bicep-curl"
              href="#"
            >
              Standing Biceps Curl
            </a>
          </p>
          <p
            className="jsx-514544549"
          >
            <a
              className="jsx-514544549"
              data-file="bicep-curl"
              href="#"
            >
              Standing Wrist Curl
            </a>
          </p>
          <p
            className="jsx-514544549"
          >
            <a
              className="jsx-514544549"
              data-file="triceps-pushdown"
              href="#"
            >
              Triceps Pushdown
            </a>
          </p>
          <p
            className="jsx-514544549"
          >
            <a
              className="jsx-514544549"
              data-file="bicep-curl"
              href="#"
            >
              Lying Triceps Extension
            </a>
          </p>
        </td>
        <td
          className="jsx-514544549"
        >
          1 - 2
        </td>
        <td
          className="jsx-514544549"
        >
          10 - 15
        </td>
      </tr>
    </tbody>
  </table>
  <table
    className="jsx-514544549 hidden"
  >
    <thead
      className="jsx-514544549"
    >
      <tr
        className="jsx-514544549"
      >
        <th
          className="jsx-514544549"
        >
          Body Part
        </th>
        <th
          className="jsx-514544549"
        >
          Exercise
        </th>
        <th
          className="jsx-514544549"
        >
          Sets
        </th>
        <th
          className="jsx-514544549"
        >
          Reps
        </th>
      </tr>
    </thead>
    <tbody
      className="jsx-514544549"
    >
      <tr
        className="jsx-514544549"
      >
        <td
          className="jsx-514544549"
        >
          Legs
        </td>
        <td
          className="jsx-514544549"
        >
          <p
            className="jsx-514544549"
          >
            <a
              className="jsx-514544549"
              data-file="calf-raise"
              href="#"
            >
              Leg Press
            </a>
          </p>
          <p
            className="jsx-514544549"
          >
            <a
              className="jsx-514544549"
              data-file="trunk-rotation"
              href="#"
            >
              Leg Extension
            </a>
          </p>
          <p
            className="jsx-514544549"
          >
            <a
              className="jsx-514544549"
              data-file="calf-raise"
              href="#"
            >
              Standing Leg Kickback
            </a>
          </p>
          <p
            className="jsx-514544549"
          >
            <a
              className="jsx-514544549"
              data-file="trunk-rotation"
              href="#"
            >
              Seated Hip Abduction
            </a>
          </p>
        </td>
        <td
          className="jsx-514544549"
        >
          1-2
        </td>
        <td
          className="jsx-514544549"
        >
          10-15
        </td>
      </tr>
      <tr
        className="jsx-514544549"
      >
        <td
          className="jsx-514544549"
        >
          Trunk
        </td>
        <td
          className="jsx-514544549"
        >
          <p
            className="jsx-514544549"
          >
            <a
              className="jsx-514544549"
              data-file="abdominal-crunch"
              href="#"
            >
              Seated Abdominal Crunch
            </a>
          </p>
          <p
            className="jsx-514544549"
          >
            <a
              className="jsx-514544549"
              data-file="abdominal-crunch"
              href="#"
            >
              Trunk Rotation
            </a>
          </p>
        </td>
        <td
          className="jsx-514544549"
        >
          1-2
        </td>
        <td
          className="jsx-514544549"
        >
          10-15
        </td>
      </tr>
    </tbody>
  </table>
</div>
`;
