// Jest Snapshot v1, https://goo.gl/fbAQLP

exports[`Does WorkoutTable render correctly? 1`] = `
<div
  className="jsx-92330898"
>
  <ul
    className="jsx-92330898"
  >
    <li
      className="jsx-92330898"
    >
      <a
        className="jsx-92330898"
        data-id="better-body-M-W-F"
        href="#"
      >
        M-W-F
      </a>
    </li>
  </ul>
</div>
`;
