// Jest Snapshot v1, https://goo.gl/fbAQLP

exports[`Does WorkoutTable render correctly? 1`] = `
<div
  className="jsx-2306742958 workout-table"
  style={
    Object {
      "height": "0",
      "opacity": 0,
      "transition": "all .5s ease-in-out",
      "visibility": "hidden",
    }
  }
>
  <div
    className="jsx-1110752472"
  >
    <ul
      className="jsx-1110752472"
    >
      <li
        className="jsx-1110752472"
        style={
          Object {
            "background": "rgba(255,255,255,.5)",
          }
        }
      >
        <a
          className="jsx-1110752472"
          data-id="better-body-M-W-F"
          href="#"
        >
          M-W-F
        </a>
      </li>
    </ul>
  </div>
  <div
    className="jsx-2306742958"
  >
    <table
      className="jsx-2306742958 hidden"
    >
      <thead
        className="jsx-2306742958"
      >
        <tr
          className="jsx-2306742958"
        >
          <th
            className="jsx-2306742958"
          >
            Body Part
          </th>
          <th
            className="jsx-2306742958"
          >
            Exercise
          </th>
          <th
            className="jsx-2306742958"
          >
            Sets
          </th>
          <th
            className="jsx-2306742958"
          >
            Reps
          </th>
        </tr>
      </thead>
      <tbody
        className="jsx-2306742958"
      >
        <tr
          className="jsx-2306742958"
        >
          <td
            className="jsx-2306742958"
          >
            Chest
          </td>
          <td
            className="jsx-2306742958"
          >
            <p
              className="jsx-2306742958"
            >
              <a
                className="jsx-2306742958"
                data-file="bench-press-horizontal"
                href="#"
              >
                Bench Press
              </a>
            </p>
          </td>
          <td
            className="jsx-2306742958"
          >
            1 - 2
          </td>
          <td
            className="jsx-2306742958"
          >
            10 - 15
          </td>
        </tr>
        <tr
          className="jsx-2306742958"
        >
          <td
            className="jsx-2306742958"
          >
            Back
          </td>
          <td
            className="jsx-2306742958"
          >
            <p
              className="jsx-2306742958"
            >
              <a
                className="jsx-2306742958"
                data-file="shoulder-extension"
                href="#"
              >
                Seated Lat Rows
              </a>
            </p>
          </td>
          <td
            className="jsx-2306742958"
          >
            1 - 2
          </td>
          <td
            className="jsx-2306742958"
          >
            10 - 15
          </td>
        </tr>
        <tr
          className="jsx-2306742958"
        >
          <td
            className="jsx-2306742958"
          >
            Shoulders
          </td>
          <td
            className="jsx-2306742958"
          >
            <p
              className="jsx-2306742958"
            >
              <a
                className="jsx-2306742958"
                data-file="cross-over-rear-deltiod"
                href="#"
              >
                Crossover Seated Rear Deltoid Rows
              </a>
            </p>
          </td>
          <td
            className="jsx-2306742958"
          >
            1 - 2
          </td>
          <td
            className="jsx-2306742958"
          >
            10 - 15
          </td>
        </tr>
        <tr
          className="jsx-2306742958"
        >
          <td
            className="jsx-2306742958"
          >
            Arms
          </td>
          <td
            className="jsx-2306742958"
          >
            <p
              className="jsx-2306742958"
            >
              <a
                className="jsx-2306742958"
                data-file="bicep-curl"
                href="#"
              >
                Standing Biceps Curl
              </a>
            </p>
            <p
              className="jsx-2306742958"
            >
              <a
                className="jsx-2306742958"
                data-file="triceps-pushdown"
                href="#"
              >
                Triceps Pushdown
              </a>
            </p>
          </td>
          <td
            className="jsx-2306742958"
          >
            1 - 2
          </td>
          <td
            className="jsx-2306742958"
          >
            10 - 15
          </td>
        </tr>
        <tr
          className="jsx-2306742958"
        >
          <td
            className="jsx-2306742958"
          >
            Legs
          </td>
          <td
            className="jsx-2306742958"
          >
            <p
              className="jsx-2306742958"
            >
              <a
                className="jsx-2306742958"
                data-file="calf-raise"
                href="#"
              >
                Calf Raise
              </a>
            </p>
            <p
              className="jsx-2306742958"
            >
              <a
                className="jsx-2306742958"
                data-file="leg-press"
                href="#"
              >
                Leg Press
              </a>
            </p>
          </td>
          <td
            className="jsx-2306742958"
          >
            1 - 2
          </td>
          <td
            className="jsx-2306742958"
          >
            10 - 15
          </td>
        </tr>
        <tr
          className="jsx-2306742958"
        >
          <td
            className="jsx-2306742958"
          >
            Trunk
          </td>
          <td
            className="jsx-2306742958"
          >
            <p
              className="jsx-2306742958"
            >
              <a
                className="jsx-2306742958"
                data-file="trunk-rotation"
                href="#"
              >
                Trunk Rotation
              </a>
            </p>
            <p
              className="jsx-2306742958"
            >
              <a
                className="jsx-2306742958"
                data-file="abdominal-crunch"
                href="#"
              >
                Seated Abdominal Crunch
              </a>
            </p>
          </td>
          <td
            className="jsx-2306742958"
          >
            1 - 2
          </td>
          <td
            className="jsx-2306742958"
          >
            10 - 15
          </td>
        </tr>
      </tbody>
    </table>
  </div>
</div>
`;
