// Jest Snapshot v1, https://goo.gl/fbAQLP

exports[`Does WorkoutTable render correctly? 1`] = `
<div
  className="jsx-1110752472"
>
  <ul
    className="jsx-1110752472"
  >
    <li
      className="jsx-1110752472"
      style={
        Object {
          "background": "rgba(255,255,255,.5)",
        }
      }
    >
      <a
        className="jsx-1110752472"
        data-id="better-body-M-W-F"
        href="#"
      >
        M-W-F
      </a>
    </li>
  </ul>
</div>
`;
